Vivado Simulator v2026.1
Copyright 1986-2022 Xilinx, Inc. All Rights Reserved.
Copyright 2022-2026 Advanced Micro Devices, Inc. All Rights Reserved.
Running: C:/AMDDesignTools/2026.1/Vivado/bin/unwrapped/win64.o/xelab.exe --incr --debug typical --relax --mt 2 -L xil_defaultlib -L uvm -L unisims_ver -L unimacro_ver -L secureip --snapshot lab_1b_top_level_tb_behav xil_defaultlib.lab_1b_top_level_tb xil_defaultlib.glbl -log elaborate.log 
INFO: [XSIM 43-3493] Using 2 slave threads.
Starting static elaboration
Pass Through NonSizing Optimizer
Completed static elaboration
Starting simulation data flow analysis
Completed simulation data flow analysis
Time Resolution for simulation is 1ps
Compiling module xil_defaultlib.switch_logic
Compiling module xil_defaultlib.digit_multiplexor
Compiling module xil_defaultlib.seven_segment_digit_selector
Compiling module xil_defaultlib.seven_segment_decoder
Compiling module xil_defaultlib.seven_segment_display_subsystem
Compiling module xil_defaultlib.lab_1b_top_level
Compiling module xil_defaultlib.lab_1b_top_level_tb
Compiling module xil_defaultlib.glbl
Built simulation snapshot lab_1b_top_level_tb_behav
